### osc/osc-setup.sh
2c2,4
< source "$(dirname "$0")/../_my_env.sh"
---
> REPO_ROOT="$(cd "$(dirname "$0")/.." && pwd)"
> source "$REPO_ROOT/_my_env.sh"
> source "$REPO_ROOT/build_scripts/lib/env_file.sh"
152,165c154,165
< ENV_FILE="../_my_env.sh"
< {
<   echo "# Generated environment variables (OUTSCALE)"
<   echo "OSC_NET_ID=$NET_ID"
<   echo "OSC_IGW_ID=$IGW_ID"
<   echo "OSC_RTB_ID=$RTB_ID"
<   echo "OSC_SG_ID=$SG_ID"
<   echo "OSC_SUBNET1=${SUBNET_IDS[0]}"
<   echo "OSC_SUBNET2=${SUBNET_IDS[1]}"
<   echo "OSC_SUBNET3=${SUBNET_IDS[2]}"
<   echo "OSC_AZ1=${AZS[0]}"
<   echo "OSC_AZ2=${AZS[1]}"
<   echo "OSC_AZ3=${AZS[2]}"
< } >> "$ENV_FILE"
---
> ENV_FILE="$REPO_ROOT/_my_env.sh"
> env_write_block "$ENV_FILE" outscale-net \
>   "OSC_NET_ID=$NET_ID" \
>   "OSC_IGW_ID=$IGW_ID" \
>   "OSC_RTB_ID=$RTB_ID" \
>   "OSC_SG_ID=$SG_ID" \
>   "OSC_SUBNET1=${SUBNET_IDS[0]}" \
>   "OSC_SUBNET2=${SUBNET_IDS[1]}" \
>   "OSC_SUBNET3=${SUBNET_IDS[2]}" \
>   "OSC_AZ1=${AZS[0]}" \
>   "OSC_AZ2=${AZS[1]}" \
>   "OSC_AZ3=${AZS[2]}"
166a167,174
> dupes="$(env_legacy_duplicates "$ENV_FILE" OSC_NET_ID)"
> if (( dupes > 1 )); then
>   echo "" >&2
>   echo "ATTENTION : $ENV_FILE contient $dupes affectations de OSC_NET_ID." >&2
>   echo "            Des Nets créés par d'anciens lancements sont probablement" >&2
>   echo "            encore facturés et introuvables pour tear_down_outscale.sh." >&2
>   echo "            Vérifiez la console Outscale et nettoyez les lignes hors bloc." >&2
> fi
### osc/tear_down_outscale.sh
54c54
< VM_IDS=($(echo "$READ_VMS" | jq -r '.Vms[]?.VmId' || true))
---
> mapfile -t VM_IDS < <(echo "$READ_VMS" | jq -r '.Vms[]?.VmId' || true)
61a62
> sleep 15
